chr	TargetGene	TargetGeneTSS	geneIsExpressed	geneFailed	nEnhancersConsidered	nDistalEnhancersPredicted
chr16	AARS	70289509	True	False	2	1
chr16	ABAT	8712968	False	False	3	2
chr16	ABCA17P	2340921	True	False	2	1
chr16	ABCA3	2340746	True	False	2	1
chr16	ABCC1	15949576	True	False	7	6
chr16	ABCC11	48235177	False	False	3	1
chr16	ABCC12	48146770	False	False	3	2
chr16	ABCC6P1	18571247	False	False	3	2
chr16	ACD	67660815	True	False	4	2
chr16	ACSF3	89093808	True	False	5	4
chr16	ACSM1	20691256	False	False	7	4
chr16	ACSM3	20763989	True	False	4	3
chr16	ACSM5	20409533	False	False	4	3
chr16	ADAM3B	49518585	False	False	5	4
chr16	ADAMTS18	77435114	False	False	5	3
chr16	ADAT1	75623323	True	False	8	7
chr16	ADCY7	50287911	False	False	8	7
chr16	ADCY9	4116185	False	False	2	1
chr16	ADGRG1	57628225	False	False	4	3
chr16	ADGRG3	57668244	True	False	4	2
chr16	ADGRG5	57542636	False	False	2	1
chr16	AFG3L1P	89972579	True	False	4	3
chr16	AGRP	67483813	False	False	2	1
chr16	AHSP	31527851	True	False	8	7
chr16	ALDOA	30065672	True	False	4	3
chr16	ALG1	5071808	True	False	2	1
chr16	AMDHD2	2520361	True	False	5	3
chr16	AMFR	56425538	True	False	9	7
chr16	ANKRD11	89490561	True	False	5	4
chr16	ANKRD26P1	46569097	False	False	5	4
chr16	ANKS3	4734377	True	False	3	2
chr16	ANKS4B	21233694	False	False	6	5
chr16	AP1G1	71809073	True	False	3	2
chr16	APRT	88811934	True	False	7	6
chr16	AQP8	25216963	False	False	3	2
chr16	ARHGAP17	25015378	True	False	6	4
chr16	ARHGDIG	280605	False	False	4	3
chr16	ARL2BP	57245125	True	False	4	3
chr16	ARL6IP1	18801678	True	False	2	1
chr16	ARMC5	31458995	True	False	6	5
chr16	ASPHD1	29900825	False	False	3	2
chr16	ATF7IP2	10386054	True	False	6	5
chr16	ATMIN	81035852	True	False	4	2
chr16	ATP2A1	28878487	False	False	4	3
chr16	ATP2A1-AS1	28879921	True	False	4	3
chr16	ATP2C2	84368522	False	False	5	4
chr16	ATP6V0C	2513869	True	False	3	2
chr16	ATP6V0D1	67481186	True	False	3	1
chr16	ATXN1L	71845990	True	False	4	3
chr16	ATXN2L	28823047	True	False	4	3
chr16	AXIN1	352676	True	False	2	1
chr16	B3GNT9	67150999	True	False	5	3
chr16	BAIAP3	1333604	True	False	3	2
chr16	BANP	87951431	True	False	3	2
chr16	BBS2	56520096	True	False	3	2
chr16	BCAR1	75251628	True	False	5	4
chr16	BCAR4	11828832	False	False	3	2
chr16	BCKDK	31108293	True	False	3	2
chr16	BCL7C	30894302	True	False	3	2
chr16	BCO1	81238690	False	False	3	2
chr16	BEAN1	66427296	False	False	3	1
chr16	BEAN1-AS1	66476402	False	False	4	3
chr16	BFAR	14632810	True	False	2	1
chr16	BICDL2	3035541	False	False	5	4
chr16	BOLA2	30194306	False	False	2	1
chr16	BOLA2B	30194306	False	False	2	1
chr16	BRD7	50368934	True	False	3	1
chr16	C16orf45	15434467	False	False	3	2
chr16	C16orf46	81077267	True	False	2	1
chr16	C16orf47	73144447	False	False	2	1
chr16	C16orf52	22008134	True	False	3	2
chr16	C16orf54	29746019	False	False	4	2
chr16	C16orf58	31508419	True	False	4	3
chr16	C16orf59	2460113	True	False	3	2
chr16	C16orf62	19555414	True	False	2	1
chr16	C16orf70	67109892	True	False	3	2
chr16	C16orf71	4734287	True	False	3	2
chr16	C16orf72	9091679	True	False	11	10
chr16	C16orf74	85751083	False	False	4	3
chr16	C16orf78	49373807	False	False	4	3
chr16	C16orf82	27066897	False	False	4	3
chr16	C16orf86	67666813	True	False	3	1
chr16	C16orf87	46831407	True	False	4	2
chr16	C16orf89	5066145	False	False	2	1
chr16	C16orf90	3495421	False	False	2	1
chr16	C16orf91	1420800	True	False	2	1
chr16	C16orf92	30023333	False	False	2	1
chr16	C16orf95	87317420	True	False	4	3
chr16	C16orf96	4556489	False	False	5	4
chr16	C16orf97	52073935	False	False	3	2
chr16	C1QTNF8	1096244	False	False	2	1
chr16	CA5A	87936506	False	False	4	3
chr16	CA7	66844378	False	False	4	2
chr16	CACNA1H	1153240	False	False	5	4
chr16	CACNG3	24255552	False	False	2	1
chr16	CALB2	71358712	False	False	3	2
chr16	CAPN15	527855	True	False	3	2
chr16	CAPNS2	55566671	False	False	5	4
chr16	CARHSP1	8861810	True	False	4	3
chr16	CARMIL2	67645126	False	False	4	3
chr16	CASC16	52606975	False	False	3	1
chr16	CASC22	52258563	False	False	3	1
chr16	CASP16P	3144290	False	False	6	5
chr16	CBFA2T3	88977096	True	False	8	7
chr16	CBLN1	49281831	True	False	2	1
chr16	CCDC102A	57536565	True	False	3	2
chr16	CCDC113	58249935	True	False	6	5
chr16	CCDC154	1444489	False	False	5	4
chr16	CCDC189	30762244	True	False	6	4
chr16	CCDC78	726473	True	False	4	3
chr16	CCL17	57404766	False	False	3	2
chr16	CCL22	57358782	False	False	5	4
chr16	CCNF	2429393	True	False	3	2
chr16	CCP110	19523856	True	False	3	2
chr16	CD19	28931938	False	False	3	2
chr16	CD2BP2	30355361	True	False	4	3
chr16	CDH1	68737289	False	False	7	6
chr16	CDH11	65122137	False	False	3	2
chr16	CDH13	82626793	False	False	2	1
chr16	CDH15	89171754	False	False	2	1
chr16	CDH16	66918984	False	False	5	4
chr16	CDH3	68644835	False	False	5	4
chr16	CDH5	66366606	False	False	6	5
chr16	CDH8	62036835	False	False	2	1
chr16	CDIP1	4538815	False	False	4	3
chr16	CDIPT	29863288	True	False	4	3
chr16	CDIPT-AS1	29863833	True	False	4	3
chr16	CDK10	89686667	True	False	2	1
chr16	CDR2	22374617	True	False	4	2
chr16	CDT1	88803777	True	False	9	8
chr16	CDYL2	80804278	False	False	4	3
chr16	CEMP1	2531408	True	False	3	1
chr16	CENPBD1	89972832	True	False	4	3
chr16	CENPN	81006497	True	False	3	2
chr16	CES1	55833163	False	False	2	1
chr16	CES1P1	55760598	False	False	3	2
chr16	CES1P2	55724924	False	False	3	2
chr16	CES2	66934443	True	False	5	4
chr16	CES3	66961228	True	False	3	2
chr16	CES4A	67000512	False	False	6	3
chr16	CES5A	55875370	False	False	3	2
chr16	CETP	56961922	False	False	3	2
chr16	CFAP20	58129392	True	False	3	2
chr16	CFDP1	75433489	True	False	4	3
chr16	CHD9	53055032	True	False	8	7
chr16	CHMP1A	89657785	True	False	2	1
chr16	CHST4	71526119	False	False	2	1
chr16	CHST5	75535170	False	False	5	3
chr16	CHST6	75495028	False	False	2	1
chr16	CHTF18	788621	True	False	4	3
chr16	CHTF8	69132590	True	False	2	1
chr16	CIITA	10877197	False	False	4	2
chr16	CKLF	66552562	True	False	3	2
chr16	CKLF-CMTM1	66552562	True	False	3	2
chr16	CLCN7	1475084	True	False	7	6
chr16	CLDN6	3018187	True	False	7	6
chr16	CLDN9	3012455	False	False	7	6
chr16	CLEC16A	10944487	True	False	3	2
chr16	CLEC18A	69950901	False	False	3	2
chr16	CLEC18B	74421470	False	False	2	1
chr16	CLEC18C	70174172	False	False	4	3
chr16	CLEC19A	19285782	False	False	7	6
chr16	CLUAP1	3500944	True	False	2	1
chr16	CLUHP3	31700612	True	False	4	3
chr16	CMC2	81006897	True	False	3	2
chr16	CMIP	81495348	True	False	6	5
chr16	CMTM1	66566390	False	False	7	6
chr16	CMTM2	66579447	False	False	7	5
chr16	CMTM3	66604324	True	False	5	4
chr16	CMTM4	66696707	True	False	4	2
chr16	CMTR2	71289606	True	False	2	1
chr16	CNEP1R1	50025205	True	False	2	1
chr16	CNGB1	57971116	False	False	3	2
chr16	CNOT1	58629886	True	False	3	2
chr16	CNTNAP4	76277216	False	False	2	1
chr16	COG4	70523554	True	False	3	2
chr16	COG7	23453191	True	False	3	2
chr16	COQ7	19067594	True	False	2	1
chr16	CORO1A	30183409	False	False	4	3
chr16	CORO7	4416961	True	False	3	2
chr16	CORO7-PAM16	4416961	True	False	3	2
chr16	COTL1	84618096	True	False	8	6
chr16	COX4I1	85799566	True	False	4	2
chr16	COX6A2	31428428	False	False	2	1
chr16	CPNE2	57092542	True	False	4	3
chr16	CPNE7	89575767	True	False	6	4
chr16	CPPED1	12803887	True	False	4	3
chr16	CRAMP1	1614639	True	False	2	1
chr16	CREBBP	3880120	True	False	4	1
chr16	CRISPLD2	84819980	True	False	5	4
chr16	CRNDE	54928778	True	False	2	1
chr16	CRYM	21303136	True	False	2	1
chr16	CRYM-AS1	21300848	True	False	3	1
chr16	CSNK2A2	58197878	True	False	2	1
chr16	CTCF	67562406	True	False	2	1
chr16	CTF1	30896606	True	False	3	2
chr16	CTRB1	75218985	False	False	2	1
chr16	CTRB2	75207174	False	False	4	3
chr16	CTRL	67931875	False	False	3	2
chr16	CTU2	88706462	True	False	5	4
chr16	CX3CL1	57372460	False	False	5	4
chr16	CYB5B	69424594	True	False	2	1
chr16	CYBA	88651084	True	False	3	2
chr16	CYLD	50742049	True	False	2	1
chr16	DBNDD1	90020131	True	False	2	1
chr16	DCTN5	23641365	True	False	5	3
chr16	DCTPP1	30430052	True	False	2	1
chr16	DCUN1D3	20900358	True	False	5	4
chr16	DDX11L10	11554	False	False	4	3
chr16	DDX19A	70346828	True	False	2	1
chr16	DDX19B	70299158	True	False	3	2
chr16	DDX28	68023867	True	False	4	3
chr16	DECR2	401857	True	False	4	3
chr16	DEF8	89948730	True	False	4	2
chr16	DEXI	10942400	True	False	3	2
chr16	DHODH	72008743	True	False	2	1
chr16	DHX38	72093715	True	False	4	2
chr16	DKFZP434H168	56194525	False	False	3	2
chr16	DNAAF1	84145259	True	False	6	4
chr16	DNAH3	21159441	True	False	3	2
chr16	DNAJA2	46973714	True	False	3	2
chr16	DNAJA3	4425804	True	False	4	3
chr16	DNASE1	3652938	False	False	4	3
chr16	DNASE1L2	2236466	False	False	4	3
chr16	DOC2A	30011080	False	False	3	2
chr16	DOK4	57486473	True	False	4	3
chr16	DPEP1	89620591	False	False	4	3
chr16	DPEP2	67999518	False	False	4	2
chr16	DPEP3	67980549	False	False	5	4
chr16	DRC7	57694800	True	False	6	5
chr16	DUS2	68022943	True	False	4	3
chr16	DYNC1LI2	66751622	True	False	6	5
chr16	EARS2	23557375	True	False	3	2
chr16	ECI1	2251601	True	False	3	1
chr16	EDC4	67873022	True	False	3	2
chr16	EEF2K	22206270	True	False	10	9
chr16	ELOB	2777296	True	False	4	3
chr16	EMC8	85799542	True	False	4	2
chr16	EMP2	10580716	True	False	3	1
chr16	ENKD1	67666756	True	False	3	1
chr16	ERCC4	13920156	True	False	2	1
chr16	ERI2	20806473	True	False	3	2
chr16	ERN2	23713500	False	False	5	4
chr16	ERVK13-1	2673439	True	False	3	2
chr16	ESRP2	68236233	False	False	5	3
chr16	EXOSC6	70251930	True	False	3	2
chr16	FA2H	74774831	False	False	2	1
chr16	FAHD1	1827223	True	False	4	3
chr16	FAM157C	90102263	False	False	4	3
chr16	FAM173A	721141	True	False	6	4
chr16	FAM192A	57186064	True	False	3	2
chr16	FAM234A	234545	True	False	3	2
chr16	FAM57B	30030865	False	False	3	2
chr16	FAM92B	85112508	False	False	3	2
chr16	FAM96B	66934423	True	False	5	4
chr16	FANCA	89816657	True	False	4	3
chr16	FBXL16	705825	False	False	2	1
chr16	FBXL19	30924574	True	False	3	2
chr16	FBXL19-AS1	30923269	True	False	4	2
chr16	FBXL8	67159987	True	False	4	2
chr16	FBXO31	87383793	True	False	5	4
chr16	FENDRR	86508860	False	False	2	1
chr16	FHOD1	67247522	True	False	5	3
chr16	FLJ21408	27268204	True	False	4	2
chr16	FLJ30679	86555319	True	False	2	1
chr16	FLYWCH1	2911978	True	False	3	2
chr16	FLYWCH2	2883194	True	False	5	4
chr16	FOPNL	15888649	True	False	8	7
chr16	FOXC2	86567250	False	False	3	1
chr16	FOXC2-AS1	86567761	False	False	3	1
chr16	FOXF1	86510526	False	False	4	3
chr16	FOXL1	86578508	False	False	2	1
chr16	FRG2DP	35480596	False	False	4	2
chr16	FRG2KP	31567715	False	False	4	3
chr16	FUK	70454594	True	False	6	5
chr16	FUS	31180109	True	False	4	2
chr16	GABARAPL2	75566350	True	False	8	6
chr16	GALNS	88856970	True	False	2	1
chr16	GAN	81314965	True	False	3	2
chr16	GAS8	90022599	True	False	2	1
chr16	GAS8-AS1	90029901	False	False	3	2
chr16	GDE1	19522145	True	False	3	2
chr16	GDPD3	30113557	True	False	5	3
chr16	GFER	1984148	True	False	3	2
chr16	GFOD2	67719370	True	False	3	1
chr16	GGA2	23510494	True	False	8	6
chr16	GINS2	85688982	True	False	3	2
chr16	GINS3	58392393	True	False	2	1
chr16	GLG1	74607144	True	False	4	3
chr16	GLIS2	4332223	False	False	7	6
chr16	GLIS2-AS1	4328340	True	False	6	5
chr16	GLYR1	4847388	True	False	5	4
chr16	GNAO1	56191338	False	False	3	2
chr16	GNG13	800733	False	False	4	2
chr16	GNPTG	1351898	True	False	4	3
chr16	GOT2	58734357	True	False	4	3
chr16	GP2	20327620	False	False	5	4
chr16	GPR139	20073778	False	False	4	2
chr16	GPRC5B	19884911	True	False	5	4
chr16	GSE1	85613235	True	False	13	12
chr16	GSG1L	28063509	False	False	2	1
chr16	GSPT1	11915968	True	False	2	1
chr16	GTF3C1	27549930	True	False	4	3
chr16	HAGH	1827194	True	False	4	3
chr16	HAGHL	726935	True	False	4	3
chr16	HAS3	69107539	False	False	4	3
chr16	HBA1	176650	False	False	6	5
chr16	HBA2	172846	False	False	7	6
chr16	HBM	165973	False	False	8	6
chr16	HBQ1	180333	True	False	6	5
chr16	HBZ	152854	True	False	6	5
chr16	HCCAT5	73092348	False	False	5	4
chr16	HCFC1R1	3024286	True	False	8	7
chr16	HEATR3	50065940	True	False	2	1
chr16	HIRIP3	29996096	True	False	2	1
chr16	HMOX2	4476339	True	False	2	1
chr16	HN1L	1678276	True	False	3	1
chr16	HP	72054591	False	False	2	1
chr16	HPR	72063225	False	False	3	2
chr16	HS3ST2	22814538	False	False	2	1
chr16	HS3ST4	25692025	False	False	4	3
chr16	HS3ST6	1918323	False	False	5	3
chr16	HSBP1	83807902	True	False	4	2
chr16	HSD11B2	67431132	True	False	5	4
chr16	HSD17B2	82035252	False	False	3	2
chr16	HSD3B7	30985197	True	False	4	3
chr16	HSDL1	84145195	True	False	6	4
chr16	HSF4	67163384	False	False	3	2
chr16	HYDIN	71230722	False	False	2	1
chr16	IFT140	1612108	True	False	2	1
chr16	IGFALS	1793733	False	False	2	1
chr16	IGSF6	21652666	False	False	4	3
chr16	IL17C	88638592	False	False	7	6
chr16	IL21R	27402161	False	False	3	2
chr16	IL21R-AS1	27453393	False	False	2	1
chr16	IL27	28506834	False	False	5	4
chr16	IL32	3065311	False	False	4	1
chr16	IL34	70579894	False	False	5	4
chr16	IL4R	27313908	False	False	4	2
chr16	INO80E	29996208	True	False	2	1
chr16	IQCK	19716455	False	False	3	2
chr16	IRF8	85899167	False	False	5	4
chr16	IRX3	54286466	False	False	3	2
chr16	IRX6	55324558	False	False	5	3
chr16	IST1	71895492	True	False	6	4
chr16	ITFG1	47461274	True	False	5	3
chr16	ITFG1-AS1	47144067	True	False	2	1
chr16	ITGAD	31393311	False	False	4	3
chr16	ITGAL	30472661	False	False	5	4
chr16	ITGAM	31259966	False	False	4	3
chr16	ITPRIPL2	19113931	True	False	4	3
chr16	JMJD8	684446	True	False	4	2
chr16	JPH3	87602886	False	False	4	3
chr16	KARS	75647687	True	False	6	5
chr16	KAT8	31117663	True	False	4	3
chr16	KATNB1	57735747	True	False	5	4
chr16	KCNG4	84239750	False	False	4	3
chr16	KCTD13	29926232	True	False	2	1
chr16	KCTD5	2682493	True	False	2	1
chr16	KDM8	27203485	True	False	2	1
chr16	KIAA0430	15643166	True	False	4	3
chr16	KIAA0513	85027750	True	False	9	8
chr16	KIAA0556	27550146	True	False	4	3
chr16	KIF22	29790712	True	False	2	1
chr16	KIFC3	57782369	False	False	7	6
chr16	KLHDC4	87765992	True	False	8	6
chr16	KLHL36	84648510	True	False	3	2
chr16	KNOP1	19718170	True	False	3	2
chr16	KREMEN2	2964215	True	False	5	4
chr16	LAT	28985065	False	False	7	5
chr16	LCAT	67944112	True	False	5	4
chr16	LCMT1	25111725	True	False	4	3
chr16	LCMT1-AS1	25111555	True	False	4	3
chr16	LCMT1-AS2	25149032	False	False	4	3
chr16	LDHD	75116772	True	False	3	1
chr16	LINC00235	527407	True	False	4	2
chr16	LINC00254	1884231	False	False	3	2
chr16	LINC00273	34160036	False	False	2	1
chr16	LINC00304	89159219	False	False	5	4
chr16	LINC00311	85282957	False	False	6	5
chr16	LINC00514	2989053	False	False	3	1
chr16	LINC00917	86345679	False	False	4	3
chr16	LINC00919	52085109	False	False	3	2
chr16	LINC00920	66408523	False	False	3	2
chr16	LINC00922	65576300	False	False	3	2
chr16	LINC01081	86286247	False	False	3	1
chr16	LINC01082	86196180	False	False	2	1
chr16	LINC01177	9444985	False	False	3	1
chr16	LINC01195	9455505	False	False	2	1
chr16	LINC01227	80569610	False	False	3	1
chr16	LINC01229	79770470	True	False	6	5
chr16	LINC01566	35363530	False	False	5	4
chr16	LINC01567	24671062	False	False	3	2
chr16	LINC01568	73386804	False	False	4	2
chr16	LINC01569	4253789	True	False	7	6
chr16	LINC01571	51762518	False	False	3	2
chr16	LINC01572	72665009	True	False	2	1
chr16	LINC02125	76634997	True	False	3	2
chr16	LINC02127	51017757	False	False	4	2
chr16	LINC02130	14370266	False	False	4	3
chr16	LINC02133	47858580	False	False	4	3
chr16	LINC02135	86286430	False	False	2	1
chr16	LINC02138	89166382	False	False	4	3
chr16	LINC02139	85137149	False	False	4	3
chr16	LINC02140	54370458	False	False	3	2
chr16	LINC02141	59855352	False	False	3	1
chr16	LINC02167	35746551	False	False	5	3
chr16	LINC02169	54270879	False	False	3	2
chr16	LINC02170	80892596	False	False	3	2
chr16	LINC02175	25066886	True	False	6	5
chr16	LINC02177	9355587	False	False	3	2
chr16	LINC02180	52085280	False	False	3	2
chr16	LINC02181	87057783	False	False	3	2
chr16	LINC02182	88194280	False	False	3	2
chr16	LINC02185	14016018	False	False	3	2
chr16	LINC02186	14021077	False	False	3	1
chr16	LINC02188	86722090	False	False	3	2
chr16	LINC02189	86721959	False	False	3	2
chr16	LINC02192	47887130	False	False	3	2
chr16	LOC653786	22545697	False	False	2	1
chr16	LPCAT2	55509000	False	False	4	3
chr16	LRRC29	67226818	True	False	5	4
chr16	LUC7L	229482	True	False	2	1
chr16	LYRM1	20900665	True	False	5	4
chr16	MAFTRR	79770532	True	False	6	5
chr16	MAP1LC3B	87392194	True	False	4	2
chr16	MAPK3	30123309	True	False	2	1
chr16	MAPK8IP3	1706182	True	False	4	3
chr16	MARVELD3	71626152	False	False	3	2
chr16	MAZ	29806536	True	False	4	3
chr16	MBTPS1	84116943	True	False	5	2
chr16	MC1R	89917878	True	False	5	4
chr16	MEIOB	1872101	True	False	4	3
chr16	METRN	715172	True	False	6	4
chr16	METTL22	8621639	True	False	4	2
chr16	METTL26	636366	True	False	4	2
chr16	METTL9	21599475	True	False	2	1
chr16	MFSD13B	22385768	False	False	5	3
chr16	MGRN1	4624823	True	False	3	1
chr16	MIR193BHG	14302287	True	False	9	8
chr16	MIR5095	48310617	False	False	6	4
chr16	MIR762HG	30875459	True	False	3	2
chr16	MKL2	14071312	True	False	3	2
chr16	MLKL	74701148	True	False	2	1
chr16	MMP15	58025565	True	False	7	5
chr16	MMP2	55479168	False	False	2	1
chr16	MMP25	3046680	False	False	3	2
chr16	MMP25-AS1	3059370	True	False	3	2
chr16	MON1B	77190918	True	False	2	1
chr16	MPG	78169	True	False	4	2
chr16	MPV17L	15395753	False	False	3	2
chr16	MRPL28	370569	True	False	2	1
chr16	MSLN	760764	False	False	7	6
chr16	MSRB1	1943326	True	False	5	4
chr16	MT1A	56638665	False	False	2	1
chr16	MT1E	56625672	False	False	3	2
chr16	MT1JP	56635738	False	False	2	1
chr16	MT1L	56617460	False	False	3	1
chr16	MT1M	56632621	False	False	2	1
chr16	MT2A	56608565	True	False	3	2
chr16	MT3	56589354	False	False	2	1
chr16	MT4	56565048	False	False	2	1
chr16	MTHFSD	86555235	True	False	2	1
chr16	MTRNR2L4	3372283	False	False	5	4
chr16	MTSS1L	70686051	True	False	3	2
chr16	MVD	88663149	True	False	4	3
chr16	MVP	29820393	False	False	3	2
chr16	MYH11	15857030	False	False	4	2
chr16	MYLK3	46748309	True	False	4	2
chr16	MYLPF	30374776	False	False	5	4
chr16	N4BP1	48610209	True	False	2	1
chr16	NAA60	3457984	True	False	2	1
chr16	NAE1	66830976	True	False	3	2
chr16	NAGPA	5033941	True	False	4	3
chr16	NAGPA-AS1	5033701	True	False	5	3
chr16	NARFL	741038	True	False	6	5
chr16	NDE1	15650225	True	False	8	7
chr16	NDRG4	58500142	False	False	4	3
chr16	NDUFAB1	23596318	True	False	2	1
chr16	NDUFB10	1959515	True	False	3	2
chr16	NECAB2	83968631	False	False	5	4
chr16	NETO2	47144025	True	False	2	1
chr16	NFAT5	69565965	True	False	3	2
chr16	NFATC2IP	28950996	True	False	4	3
chr16	NFATC3	68085365	True	False	7	4
chr16	NHLRC4	566994	True	False	3	2
chr16	NKD1	50548329	False	False	3	1
chr16	NLRC3	3577404	False	False	4	3
chr16	NLRC5	57017073	False	False	7	6
chr16	NME4	397191	True	False	5	3
chr16	NMRAL1	4474650	True	False	4	3
chr16	NOB1	69754968	True	False	4	3
chr16	NOD2	50697138	True	False	2	1
chr16	NOL3	67170496	True	False	4	2
chr16	NOXO1	1981549	False	False	3	2
chr16	NPIPA1	14937442	False	False	2	1
chr16	NPIPA5	15378294	False	False	3	2
chr16	NPIPB15	74377951	False	False	3	2
chr16	NPIPB8	28638360	False	False	3	1
chr16	NPIPB9	28752434	False	False	2	1
chr16	NPRL3	138698	True	False	9	7
chr16	NPW	2019519	False	False	4	3
chr16	NQO1	69726630	True	False	2	1
chr16	NRN1L	67884877	True	False	4	3
chr16	NSMCE1	27268792	True	False	4	2
chr16	NTAN1	15056079	True	False	2	1
chr16	NTHL1	2047869	True	False	3	2
chr16	NTN3	2471498	False	False	4	3
chr16	NUBP1	10743785	True	False	3	2
chr16	NUDT16L1	4693692	True	False	3	1
chr16	NUDT21	56451349	True	False	3	2
chr16	NUDT7	77722491	True	False	2	1
chr16	NUP93	56730104	True	False	4	3
chr16	NUPR1	28539174	False	False	3	2
chr16	OGFOD1	56451511	True	False	3	2
chr16	OR1F1	3204246	False	False	5	4
chr16	OR1F2P	3215561	False	False	2	1
chr16	OR2C1	3355888	False	False	2	1
chr16	ORAI3	30949083	True	False	6	4
chr16	ORC6	46689645	True	False	3	1
chr16	OSGIN1	83953221	True	False	3	2
chr16	OTOA	21678513	False	False	4	2
chr16	PABPN1L	88866660	False	False	7	6
chr16	PAGR1	29816206	True	False	4	3
chr16	PALB2	23641357	True	False	5	3
chr16	PAM16	4351372	True	False	4	3
chr16	PAPD5	50152917	True	False	5	4
chr16	PAQR4	2969244	True	False	4	3
chr16	PARD6A	67660947	True	False	4	2
chr16	PARN	14630271	True	False	2	1
chr16	PDIA2	283117	False	False	4	3
chr16	PDILT	20404711	False	False	4	3
chr16	PDP2	66880360	True	False	3	2
chr16	PDPK1	2537963	True	False	2	1
chr16	PDPR	70113625	False	False	4	2
chr16	PDXDC1	14974962	True	False	3	2
chr16	PDXDC2P-NPIPB14P	70065948	True	False	2	1
chr16	PHKB	47461298	True	False	5	3
chr16	PHKG2	30748298	True	False	3	1
chr16	PHLPP2	71724701	True	False	3	2
chr16	PIEZO1	88785220	True	False	12	11
chr16	PIGQ	569967	True	False	3	2
chr16	PKD1	2135898	False	False	5	4
chr16	PKD1L2	81220370	True	False	4	3
chr16	PKD1L3	71999978	False	False	3	2
chr16	PKD1P6-NPIPP1	15136959	False	False	4	3
chr16	PKMYT1	2980539	True	False	5	2
chr16	PLA2G10	14694573	False	False	3	2
chr16	PLA2G15	68245343	True	False	2	1
chr16	PLCG2	81779257	True	False	3	1
chr16	PLEKHG4	67279523	True	False	6	5
chr16	PLK1	23678771	True	False	3	2
chr16	PLLP	57284672	True	False	7	6
chr16	PMFBP1	72172165	False	False	5	4
chr16	PMM2	8797812	True	False	3	2
chr16	POLR2C	57462638	True	False	2	1
chr16	POLR3E	22297374	True	False	9	8
chr16	POLR3K	53632	True	False	4	2
chr16	PPL	4937135	True	False	3	2
chr16	PPP4C	30075975	True	False	8	6
chr16	PRDM7	90075930	False	False	4	3
chr16	PRKCB	23835978	True	False	9	8
chr16	PRM1	11281335	False	False	2	1
chr16	PRM2	11276480	False	False	2	1
chr16	PRMT7	68310973	True	False	3	2
chr16	PRR14	30650866	True	False	3	1
chr16	PRR35	560421	False	False	4	3
chr16	PRRT2	29812087	True	False	4	3
chr16	PRSS21	2817162	True	False	4	3
chr16	PRSS22	2858170	False	False	5	4
chr16	PRSS30P	2842751	True	False	6	5
chr16	PRSS33	2786707	False	False	4	2
chr16	PRSS36	31150094	False	False	5	4
chr16	PRSS41	2798484	False	False	4	3
chr16	PRSS53	31088809	False	False	4	3
chr16	PRSS54	58295047	False	False	4	3
chr16	PRSS8	31135762	True	False	5	4
chr16	PSKH1	67893271	True	False	3	2
chr16	PSMB10	67936877	True	False	3	2
chr16	PSMD7	74296774	True	False	3	2
chr16	PTX4	1488467	False	False	4	3
chr16	PYCARD	31202776	True	False	3	2
chr16	PYCARD-AS1	31201884	True	False	3	2
chr16	PYDC1	31217093	False	False	4	3
chr16	QPRT	29679007	True	False	6	5
chr16	RAB11FIP3	425667	True	False	3	1
chr16	RAB26	2148649	True	False	5	4
chr16	RABEP2	28925211	True	False	4	2
chr16	RANBP10	67806652	True	False	3	2
chr16	RBBP6	24539586	True	False	2	1
chr16	RBFOX1	7332749	False	False	3	2
chr16	RBL2	53434419	True	False	3	2
chr16	RFWD3	74666881	True	False	3	1
chr16	RGS11	275943	False	False	4	3
chr16	RHBDF1	72631	True	False	5	3
chr16	RHBDL1	675665	True	False	3	2
chr16	RHOT2	668082	True	False	3	2
chr16	RIPOR1	67528813	True	False	4	3
chr16	RMI2	11345437	True	False	3	2
chr16	RNF151	1966822	False	False	2	1
chr16	RNF166	88706421	True	False	5	4
chr16	RNF40	30761611	True	False	6	4
chr16	ROGDI	4802950	True	False	3	2
chr16	RPL13	89560656	True	False	3	2
chr16	RPL3L	1954678	False	False	4	3
chr16	RPS2	1964826	True	False	2	1
chr16	RPUSD1	788383	True	False	4	3
chr16	RRAD	66925536	False	False	6	5
chr16	RRN3	15094335	True	False	2	1
chr16	RRN3P1	21819174	False	False	2	1
chr16	RRN3P2	29074841	False	False	3	2
chr16	RSL1D1	11851585	True	False	3	1
chr16	RSPRY1	57186283	True	False	3	2
chr16	SALL1	51151272	False	False	2	1
chr16	SBK1	28292518	True	False	2	1
chr16	SCNN1B	23302269	False	False	3	2
chr16	SCNN1G	23182718	False	False	3	1
chr16	SDR42E1	82011488	False	False	2	1
chr16	SEC14L5	4958316	True	False	2	1
chr16	SEPT1	30382850	False	False	5	4
chr16	SEPT12	4788521	True	False	7	5
chr16	SETD1A	30957293	True	False	4	3
chr16	SETD6	58515478	True	False	2	1
chr16	SEZ6L2	29899264	False	False	2	1
chr16	SF3B3	70523787	True	False	3	2
chr16	SH2B1	28863756	True	False	3	2
chr16	SHISA9	12901619	False	False	3	2
chr16	SIAH1	48385318	True	False	6	5
chr16	SLC12A3	56865206	False	False	2	1
chr16	SLC12A4	67968694	True	False	6	4
chr16	SLC22A31	89200121	False	False	6	5
chr16	SLC38A7	58684777	True	False	3	1
chr16	SLC38A8	84042157	False	False	6	4
chr16	SLC5A11	24845862	False	False	5	4
chr16	SLC5A2	31483117	False	False	7	6
chr16	SLC6A2	55656439	False	False	3	2
chr16	SLC7A5	87869499	True	False	9	8
chr16	SLC7A5P2	21520444	True	False	5	4
chr16	SLC7A6	68264515	True	False	4	3
chr16	SLC7A6OS	68310965	True	False	3	2
chr16	SLC9A3R2	2033263	True	False	6	5
chr16	SLC9A5	67248871	True	False	4	3
chr16	SLX1A	30193842	False	False	2	1
chr16	SLX1A-SULT1A3	30194432	False	False	2	1
chr16	SLX1B	30193842	False	False	2	1
chr16	SLX1B-SULT1A4	30194432	False	False	2	1
chr16	SLX4	3611606	True	False	5	4
chr16	SMG1	18926404	True	False	4	2
chr16	SMG1P2	29595092	True	False	4	3
chr16	SMG1P3	21502281	True	False	4	3
chr16	SMG1P5	30335374	True	False	3	1
chr16	SMIM22	4795377	False	False	5	4
chr16	SMPD3	68448506	False	False	2	1
chr16	SNAI3	88686474	True	False	4	3
chr16	SNAI3-AS1	88663372	True	False	4	3
chr16	SNHG19	2155358	True	False	3	2
chr16	SNHG9	1964995	True	False	2	1
chr16	SNN	11668432	True	False	2	1
chr16	SNRNP25	53828	True	False	3	2
chr16	SNTB2	69187146	True	False	3	2
chr16	SNX29	11976733	True	False	7	5
chr16	SNX29P2	29302286	False	False	5	4
chr16	SOCS1	11256182	True	False	7	6
chr16	SPATA2L	89701713	True	False	4	2
chr16	SPATA33	89657803	True	False	2	1
chr16	SPG7	89508387	True	False	5	3
chr16	SPIRE2	89828498	True	False	5	2
chr16	SPN	29663218	True	False	6	5
chr16	SPNS1	28974774	True	False	5	2
chr16	SRCAP	30699140	True	False	4	2
chr16	SRL	4242080	False	False	4	3
chr16	SRRM2	2752328	True	False	2	1
chr16	SRRM2-AS1	2744797	False	False	5	3
chr16	ST3GAL2	70439088	True	False	5	4
chr16	STUB1	680110	True	False	3	2
chr16	STX1B	31010638	False	False	6	4
chr16	STX4	31033490	True	False	4	2
chr16	SULT1A2	28597070	True	False	3	2
chr16	SULT1A3	30199227	False	False	2	1
chr16	SULT1A4	30199227	False	False	2	1
chr16	SYCE1L	77199396	False	False	2	1
chr16	SYNGR3	1989944	True	False	3	2
chr16	SYT17	19168212	False	False	6	5
chr16	TAF1C	84187070	True	False	3	2
chr16	TAOK2	29973866	True	False	3	2
chr16	TAT	71577095	False	False	3	2
chr16	TAT-AS1	71565788	True	False	3	2
chr16	TBC1D10B	30370201	True	False	6	4
chr16	TBC1D24	2475145	True	False	4	3
chr16	TBL3	1972062	True	False	3	1
chr16	TBX6	30091884	True	False	5	4
chr16	TCF25	89873585	True	False	3	1
chr16	TEKT5	10694945	False	False	4	3
chr16	TELO2	1493350	True	False	2	1
chr16	TEPP	57976434	True	False	3	2
chr16	TERB1	66801620	False	False	5	4
chr16	TERF2	69385988	True	False	3	2
chr16	TERF2IP	75647736	True	False	6	5
chr16	TFAP4	4273000	True	False	6	4
chr16	TGFB1I1	31473204	True	False	6	5
chr16	THAP11	67842309	True	False	2	1
chr16	THOC6	3024018	True	False	8	7
chr16	THUMPD1	20741964	True	False	5	3
chr16	TK2	66550412	True	False	3	2
chr16	TLDC1	84504682	True	False	3	2
chr16	TMC5	19410734	False	False	6	5
chr16	TMC7	18983933	True	False	2	1
chr16	TMED6	69351809	False	False	6	5
chr16	TMEM114	8572224	False	False	4	3
chr16	TMEM159	21158376	True	False	3	2
chr16	TMEM170A	75464737	True	False	2	1
chr16	TMEM186	8797648	True	False	3	2
chr16	TMEM204	1533656	False	False	4	3
chr16	TMEM208	67227112	True	False	5	4
chr16	TMEM219	29962029	True	False	3	2
chr16	TMEM231	75556286	True	False	4	3
chr16	TMEM8A	381950	True	False	3	1
chr16	TNFRSF12A	3020311	True	False	8	7
chr16	TNFRSF17	11965106	False	False	4	2
chr16	TNRC6A	24729727	True	False	4	3
chr16	TOX3	52546894	False	False	3	1
chr16	TP53TG3HP	35507170	False	False	3	1
chr16	TPPP3	67393535	True	False	3	2
chr16	TPSAB1	1240676	False	False	2	1
chr16	TPSB2	1230184	False	False	3	1
chr16	TPSD1	1256271	False	False	3	2
chr16	TPSG1	1225254	False	False	2	1
chr16	TRADD	67159909	True	False	4	2
chr16	TRAF7	2155797	True	False	3	2
chr16	TRAP1	3717597	True	False	4	2
chr16	TRAPPC2L	88857085	True	False	2	1
chr16	TRIM72	31214020	False	False	3	2
chr16	TSC2	2047894	True	False	3	2
chr16	TSNAXIP1	67806877	True	False	3	2
chr16	TSR3	1351872	True	False	4	3
chr16	TUBB3	89923278	True	False	6	4
chr16	TUFM	28846408	True	False	4	3
chr16	TVP23A	10818794	False	False	3	1
chr16	TXNL4B	72093651	True	False	3	2
chr16	UBALD1	4614926	True	False	2	1
chr16	UBE2I	1309626	True	False	3	1
chr16	UBE2MP1	35170391	False	False	5	3
chr16	UBFD1	23557540	True	False	3	2
chr16	UBN1	4847630	True	False	5	4
chr16	UMOD	20352878	False	False	5	4
chr16	UNKL	1414720	True	False	5	4
chr16	UQCRC2	21953063	True	False	2	1
chr16	URAHP	90047625	True	False	5	2
chr16	USP10	84699948	True	False	5	3
chr16	USP31	23149270	True	False	3	2
chr16	USP7	8936729	False	False	6	5
chr16	UTP4	69132595	True	False	2	1
chr16	VAC14-AS1	70755059	False	False	8	6
chr16	VASN	4371847	True	False	4	3
chr16	VAT1L	77788563	False	False	2	1
chr16	VKORC1	31094999	True	False	2	1
chr16	VN1R3	31808853	False	False	3	2
chr16	VPS35	46689232	True	False	3	1
chr16	VPS9D1	89720986	True	False	5	4
chr16	VPS9D1-AS1	89711855	True	False	8	6
chr16	VWA3A	22092537	False	False	4	2
chr16	WASIR2	22915	False	False	2	1
chr16	WDR24	690424	True	False	4	3
chr16	WDR59	74985146	True	False	5	4
chr16	WFDC1	84294705	False	False	2	1
chr16	WFIKKN1	631011	True	False	5	4
chr16	WWP2	69762283	True	False	2	1
chr16	XPO6	28211918	True	False	4	2
chr16	XYLT1	17470881	False	False	3	2
chr16	YBX3P1	31569524	False	False	5	3
chr16	YPEL3	30096200	True	False	7	6
chr16	ZC3H18	88570380	True	False	2	1
chr16	ZC3H7A	11797258	True	False	6	4
chr16	ZCCHC14	87491854	False	False	5	4
chr16	ZDHHC1	67416436	False	False	2	1
chr16	ZDHHC7	85011535	True	False	8	6
chr16	ZFHX3	73048375	False	False	7	5
chr16	ZFP90	68539212	True	False	2	1
chr16	ZFPM1	88453605	True	False	8	6
chr16	ZG16	29778239	False	False	3	2
chr16	ZG16B	2830171	False	False	3	2
chr16	ZKSCAN2	25257534	True	False	2	1
chr16	ZNF174	3401189	True	False	4	3
chr16	ZNF19	71489351	False	False	5	4
chr16	ZNF200	3235186	True	False	2	1
chr16	ZNF205	3112561	True	False	5	4
chr16	ZNF213	3135055	True	False	7	6
chr16	ZNF213-AS1	3134882	True	False	8	7
chr16	ZNF23	71462252	True	False	4	3
chr16	ZNF263	3283486	True	False	2	1
chr16	ZNF267	31873757	True	False	5	4
chr16	ZNF276	89720984	True	False	5	4
chr16	ZNF319	57999858	True	False	3	2
chr16	ZNF423	49822738	False	False	6	4
chr16	ZNF469	88427470	False	False	3	2
chr16	ZNF48	30395111	True	False	9	8
chr16	ZNF500	4767218	True	False	3	2
chr16	ZNF597	3443537	True	False	3	1
chr16	ZNF598	2009821	True	False	4	3
chr16	ZNF629	30787219	True	False	7	6
chr16	ZNF646	31074421	True	False	3	1
chr16	ZNF668	31065088	False	False	3	2
chr16	ZNF688	30572407	True	False	4	3
chr16	ZNF689	30610386	True	False	4	3
chr16	ZNF720	31713228	True	False	4	2
chr16	ZNF747	30534970	True	False	2	1
chr16	ZNF764	30558321	True	False	4	3
chr16	ZNF771	30407413	True	False	8	7
chr16	ZNF778	89217702	True	False	4	3
chr16	ZNF785	30585771	True	False	3	1
chr16	ZNF821	71884190	True	False	3	2
chr16	ZNF843	31443027	True	False	5	4
chr16	ZNRF1	74999016	True	False	9	8
chr16	ZP2	21214510	False	False	6	5
chr16	ZSCAN10	3099317	False	False	7	6
chr16	ZSCAN32	3401065	True	False	4	3
