hic_gamma	hic_scale
1.0044322152129264	5.522049023040861
