chr	TargetGene	TargetGeneTSS	geneIsExpressed	geneFailed	nEnhancersConsidered	nDistalEnhancersPredicted
chr22	ACO2	41469124	True	False	4	3
chr22	ADM2	50481723	True	False	4	3
chr22	ADSL	40346499	True	False	3	2
chr22	AIFM3	20965129	True	False	14	12
chr22	ALG12	49918458	True	False	6	5
chr22	AP1B1	29388583	True	False	3	2
chr22	APOBEC3B	38982398	True	False	3	2
chr22	APOBEC3C	39014259	True	False	2	1
chr22	APOBEC3D	39021112	True	False	6	4
chr22	APOBEC3F	39040667	True	False	3	2
chr22	APOBEC3G	39077004	True	False	3	2
chr22	APOL1	36253070	True	False	5	4
chr22	APOL2	36239643	True	False	5	3
chr22	ARFGAP3	42857402	True	False	3	2
chr22	ARSA	50628173	True	False	4	3
chr22	ARVCF	20016786	True	False	5	4
chr22	ASCC2	29838304	True	False	6	5
chr22	ASPHD2	26429313	True	False	3	1
chr22	ATF4	39520558	True	False	3	2
chr22	ATP6V1E1	17628822	True	False	2	1
chr22	ATXN10	45671797	True	False	3	2
chr22	BCL2L13	17638583	True	False	4	3
chr22	BCR	23180364	True	False	8	7
chr22	BCRP2	21103015	True	False	7	6
chr22	BID	17774495	True	False	6	5
chr22	BIK	43110747	True	False	5	3
chr22	BMS1P20	22298097	True	False	4	3
chr22	BRD1	49827548	True	False	9	8
chr22	C22orf23	37953647	True	False	4	3
chr22	C22orf29	19854848	True	False	2	1
chr22	C22orf34	49657542	True	False	3	2
chr22	C22orf39	19448232	True	False	4	3
chr22	CABIN1	24011314	True	False	3	2
chr22	CARD10	37519203	True	False	4	3
chr22	CASTOR1	30289627	True	False	6	5
chr22	CBX6	38872334	True	False	4	2
chr22	CBX7	39152650	True	False	2	1
chr22	CBY1	38656652	True	False	2	1
chr22	CCDC116	21632796	True	False	6	5
chr22	CCDC117	28772673	True	False	4	3
chr22	CCDC134	41800621	True	False	3	1
chr22	CCDC157	30356634	True	False	3	2
chr22	CCDC188	20149908	True	False	9	8
chr22	CDC42EP1	37560463	True	False	7	6
chr22	CDPF1	46250296	True	False	3	1
chr22	CECR2	17359948	True	False	4	3
chr22	CENPM	41947164	True	False	5	4
chr22	CERK	46738255	True	False	5	3
chr22	CHCHD10	23767972	True	False	4	3
chr22	CHKB	50582999	True	False	3	2
chr22	CHKB-AS1	50583025	True	False	3	2
chr22	CHKB-CPT1B	50582999	True	False	3	2
chr22	CLTCL1	19291716	True	False	2	1
chr22	COMT	19941739	True	False	6	5
chr22	CRELD2	49918629	True	False	6	5
chr22	CRKL	20917425	True	False	4	3
chr22	CSF2RB	36913632	True	False	5	4
chr22	CYB5R3	42646989	True	False	4	3
chr22	DDTL	23966837	True	False	4	3
chr22	DDX17	38506340	True	False	3	2
chr22	DENND6B	50327060	True	False	5	4
chr22	DERL3	23839012	True	False	3	2
chr22	DESI1	41621057	True	False	2	1
chr22	DGCR14	19144677	True	False	6	5
chr22	DGCR2	19122454	True	False	3	2
chr22	DGCR5	18970497	True	False	4	3
chr22	DGCR6	18906222	True	False	3	2
chr22	DGCR6L	20320105	True	False	4	3
chr22	DGCR8	20080231	True	False	3	2
chr22	DMC1	38570196	True	False	2	1
chr22	DNAL4	38794156	True	False	4	3
chr22	DRG1	31399552	True	False	3	2
chr22	DUSP18	30667890	True	False	2	1
chr22	DUXAP8	15784953	True	False	3	2
chr22	EIF3D	36529230	True	False	3	2
chr22	EIF3L	37849371	True	False	2	1
chr22	EIF4ENIF1	31489888	True	False	2	1
chr22	EMID1	29205911	True	False	4	3
chr22	EP300-AS1	41197501	True	False	3	2
chr22	EWSR1	29268008	True	False	4	3
chr22	FAM118A	45309903	True	False	4	3
chr22	FAM227A	38656629	True	False	2	1
chr22	FBXO7	32475236	True	False	5	4
chr22	FOXRED2	36507043	True	False	4	3
chr22	GAS2L1	29306994	True	False	3	2
chr22	GCAT	37807904	True	False	3	2
chr22	GGA1	37608473	True	False	3	2
chr22	GNAZ	23070353	True	False	5	4
chr22	GNB1L	19854939	True	False	2	1
chr22	GP1BB	19723542	True	False	3	2
chr22	GRK3	25564893	True	False	5	3
chr22	GTPBP1	38705801	True	False	3	2
chr22	GTSE1	46296740	True	False	3	2
chr22	GTSE1-AS1	46296660	True	False	3	2
chr22	GUSBP11	23717423	True	False	2	1
chr22	HDAC10	50251405	True	False	4	3
chr22	HDHD5-AS1	17159388	True	False	4	3
chr22	HIC2	21417403	True	False	6	5
chr22	HIRA	19431696	True	False	6	4
chr22	HMGXB4	35257451	True	False	5	4
chr22	HPS4	26483863	True	False	6	5
chr22	IFT27	36776133	True	False	4	3
chr22	IL17RA	17084958	True	False	2	1
chr22	JOSD1	38700454	True	False	2	1
chr22	KCTD17	37051735	True	False	6	5
chr22	KDELR3	38468061	True	False	7	6
chr22	KLHL22	20495883	True	False	5	4
chr22	KREMEN1	29073077	True	False	5	4
chr22	L3MBTL2	41205308	True	False	3	2
chr22	LDOC1L	44498125	True	False	3	2
chr22	LGALS1	37675605	True	False	4	3
chr22	LINC00528	17777289	True	False	5	4
chr22	LINC00896	20206331	True	False	6	4
chr22	LINC00898	47631569	True	False	2	1
chr22	LINC01311	19171705	True	False	7	6
chr22	LINC01315	42369208	True	False	3	2
chr22	LINC01399	35231056	True	False	2	1
chr22	LINC01521	31346758	True	False	4	3
chr22	LINC01637	20957091	True	False	1	1
chr22	LINC01659	23433563	True	False	5	4
chr22	LL22NC03-63E9.3	22559342	True	False	3	2
chr22	LMF2	50507706	True	False	3	2
chr22	LRRC74B	21045959	True	False	4	3
chr22	LRRC75B	24593068	True	False	5	3
chr22	LZTR1	20982268	True	False	5	4
chr22	MAFF	38201931	True	False	4	3
chr22	MAPK1	21867680	True	False	6	5
chr22	MAPK11	50270393	True	False	5	4
chr22	MAPK12	50261810	True	False	3	2
chr22	MAPK8IP2	50600684	True	False	6	5
chr22	MCAT	43143397	True	False	3	2
chr22	MCM5	35400122	True	False	6	5
chr22	MED15	20507541	True	False	3	2
chr22	MFNG	37486440	True	False	5	4
chr22	MIATNB	26672842	True	False	4	3
chr22	MICALL1	37906147	True	False	6	4
chr22	MIEF1	39502229	True	False	5	4
chr22	MIF	23894377	True	False	3	1
chr22	MIRLET7BHG	46085996	True	False	7	6
chr22	MKL1	40636719	True	False	5	4
chr22	MMP11	23772818	True	False	4	3
chr22	MORC2	30968287	True	False	3	2
chr22	MPST	37019641	True	False	4	2
chr22	MRPL40	19431901	True	False	6	4
chr22	MTFP1	30425622	True	False	6	5
chr22	MYH9	36388067	True	False	6	5
chr22	MYO18B	25742143	True	False	8	7
chr22	NCAPH2	50508215	True	False	3	2
chr22	NF2	29603555	True	False	3	2
chr22	NIPSNAP1	29581337	True	False	3	2
chr22	NOL12	37686336	True	False	4	3
chr22	NPTXR	38844012	True	False	6	4
chr22	NUP50	45163844	True	False	2	1
chr22	NUP50-AS1	45163781	True	False	2	1
chr22	OGFRP1	42269752	True	False	2	1
chr22	P2RX6	21015174	True	False	5	4
chr22	P2RX6P	21044249	True	False	3	2
chr22	PANX2	50170730	True	False	4	3
chr22	PARVB	44024276	True	False	6	5
chr22	PATZ1	31346263	True	False	4	3
chr22	PDXP	37658729	True	False	6	5
chr22	PES1	30591940	True	False	4	3
chr22	PEX26	18077919	True	False	3	2
chr22	PHF5A	41468704	True	False	4	3
chr22	PI4KA	20858812	True	False	5	4
chr22	PI4KAP2	21517491	True	False	6	5
chr22	PICK1	38057254	True	False	3	2
chr22	PIK3IP1	31292534	True	False	5	4
chr22	PIM3	49960494	True	False	7	6
chr22	PISD	31662564	True	False	2	1
chr22	PITPNB	27919306	True	False	2	1
chr22	PLA2G6	38181754	True	False	6	4
chr22	PLXNB2	50307572	True	False	5	4
chr22	PMM1	41589867	True	False	2	1
chr22	PNPLA3	43923738	True	False	2	1
chr22	POLDIP3	42614962	True	False	2	1
chr22	POLR2F	37953662	True	False	4	3
chr22	POLR3H	41544489	True	False	4	2
chr22	PPARA	46150595	True	False	2	1
chr22	PPIL2	21665983	True	False	6	5
chr22	PPM1F	21952878	True	False	5	4
chr22	PPP6R2	50343316	True	False	4	3
chr22	PRAME	22559361	True	False	3	2
chr22	PRAMENP	22043934	True	False	6	5
chr22	PRR5	44676807	True	False	6	5
chr22	PRR5-ARHGAP8	44702197	True	False	3	2
chr22	RAB36	23145325	True	False	6	5
chr22	RABL2B	50783659	True	False	3	2
chr22	RAC2	37244299	True	False	5	4
chr22	RANBP1	20117423	True	False	6	4
chr22	RANGAP1	41286251	True	False	2	1
chr22	RBFOX2	35840583	True	False	5	4
chr22	RBX1	40951346	True	False	2	1
chr22	RHBDD3	29267995	True	False	4	3
chr22	RIMBP3	18611919	True	False	8	6
chr22	RNF185	31160151	True	False	2	1
chr22	RNF215	30387313	True	False	4	3
chr22	RPL23AP82	50757085	True	False	3	2
chr22	RPL3	39319665	True	False	5	3
chr22	RPS19BP1	39532855	True	False	4	3
chr22	RRP7A	42519823	True	False	6	5
chr22	RRP7BP	42582011	True	False	3	2
chr22	RSPH14	23142054	True	False	2	1
chr22	RTCB	32412287	True	False	3	2
chr22	RTN4R	20268293	True	False	6	4
chr22	SAMM50	43955380	True	False	3	2
chr22	SBF1	50475071	True	False	4	3
chr22	SCO2	50525605	True	False	5	3
chr22	SDF2L1	21642252	True	False	11	8
chr22	SELENOM	31107587	True	False	5	4
chr22	SELENOO	50200978	True	False	5	4
chr22	SEPT5	19714463	True	False	5	4
chr22	SEPT5-GP1BB	19717219	True	False	2	1
chr22	SERHL	42500578	True	False	4	3
chr22	SERHL2	42553861	True	False	8	7
chr22	SF3A1	30356947	True	False	3	2
chr22	SFI1	31496138	True	False	3	2
chr22	SGSM1	24806220	True	False	4	3
chr22	SGSM3	40370561	True	False	4	3
chr22	SH3BP1	37639676	True	False	5	4
chr22	SHISA8	41914667	True	False	4	3
chr22	SLC25A1	19178863	True	False	4	3
chr22	SLC25A17	40819399	True	False	2	1
chr22	SLC35E4	30635814	True	False	3	1
chr22	SLC7A4	21032558	True	False	4	3
chr22	SMARCB1	23786930	True	False	3	2
chr22	SMTN	31081295	True	False	4	3
chr22	SNAP29	20859003	True	False	5	4
chr22	SNU13	41688909	True	False	3	1
chr22	SPECC1L	24270816	True	False	4	3
chr22	SPECC1L-ADORA2A	24270816	True	False	4	3
chr22	SREBF2	41833078	True	False	4	3
chr22	SRRD	26483883	True	False	6	5
chr22	ST13	40857008	True	False	3	2
chr22	SUN2	38756019	True	False	3	2
chr22	SYCE3	50562952	True	False	3	2
chr22	SYNGR1	39349948	True	False	2	1
chr22	TAB1	39399753	True	False	3	2
chr22	TANGO2	20021068	True	False	4	3
chr22	TBC1D10A	30326966	True	False	5	4
chr22	TBC1D22A	46762616	True	False	5	4
chr22	TBX1	19756702	True	False	6	5
chr22	TCN2	30607082	True	False	4	3
chr22	TEF	41381928	True	False	3	2
chr22	TFIP11	26512506	True	False	3	2
chr22	THAP7	21002115	True	False	2	1
chr22	THAP7-AS1	21001921	True	False	3	1
chr22	THOC5	29553747	True	False	2	1
chr22	TMEM184B	38273034	True	False	5	4
chr22	TMEM191B	18527801	True	False	7	5
chr22	TMEM191C	21467169	True	False	3	1
chr22	TNFRSF13C	41926817	True	False	7	5
chr22	TNRC6B	40177924	True	False	5	3
chr22	TOB2	41447023	True	False	4	3
chr22	TOM1	35299803	True	False	2	1
chr22	TOMM22	38681948	True	False	3	2
chr22	TOP3B	21982843	True	False	5	4
chr22	TPST2	26590125	True	False	5	4
chr22	TPTEP1	16601910	True	False	4	3
chr22	TRABD	50185911	True	False	4	3
chr22	TRIOBP	37746233	True	False	5	4
chr22	TRMT2A	20117295	True	False	6	4
chr22	TRMU	46335400	True	False	3	2
chr22	TSPO	43151513	True	False	5	4
chr22	TST	37019453	True	False	3	2
chr22	TTC28	28679865	True	False	5	4
chr22	TTC28-AS1	27919375	True	False	2	1
chr22	TTC38	46267963	True	False	3	2
chr22	TTLL1	43089428	True	False	3	2
chr22	TTLL12	43187131	True	False	2	1
chr22	TUBA3FP	21014287	True	False	7	5
chr22	TUBGCP6	50244971	True	False	4	3
chr22	TUG1	30969210	True	False	3	2
chr22	TXN2	36481640	True	False	4	3
chr22	TXNRD2	19941992	True	False	6	5
chr22	UBE2L3	21567546	True	False	5	4
chr22	UFD1	19479215	True	False	2	1
chr22	UQCR10	29767368	True	False	4	3
chr22	USP18	18149990	True	False	8	7
chr22	XBP1	28800572	True	False	4	3
chr22	XPNPEP3	40857080	True	False	3	2
chr22	XRCC6	41621162	True	False	2	1
chr22	YDJC	21630051	True	False	6	5
chr22	YPEL1	21735834	True	False	8	7
chr22	YWHAH	31944492	True	False	5	4
chr22	ZBED4	49853848	True	False	3	2
chr22	ZC3H7B	41301502	True	False	3	2
chr22	ZDHHC8	20131840	True	False	3	2
chr22	ZDHHC8P1	23402612	True	False	5	4
chr22	ZMAT5	29766980	True	False	5	3
chr22	ZNF280A	22520281	True	False	4	3
chr22	ZNF280B	22509187	True	False	4	3
chr22	ZNF70	23751092	True	False	3	2
chr22	ZNRF3-AS1	29031476	True	False	3	2
